// Jest Snapshot v1, https://goo.gl/fbAQLP

exports[`fetchDayEvents 1`] = `
Array [
  Object {
    "city": "CHARTRES",
    "departement": 28,
    "detailLink": "FicheTournoi.aspx?Ref=52130",
    "endDate": 1604491200000,
    "name": "1er Tournoi de GMI du C'Chartres Echecs",
    "region": "Tournois Nationaux",
    "startDate": 1604059200000,
  },
  Object {
    "city": "GRENOBLE",
    "departement": 38,
    "detailLink": "FicheTournoi.aspx?Ref=52181",
    "endDate": 1605355200000,
    "name": "L'Echiquier Grenoblois - Automne 2020 (-2200) r4-6",
    "region": "Auvergne-Rhône-Alpes",
    "startDate": 1604059200000,
  },
  Object {
    "city": "PARIS",
    "departement": 75,
    "detailLink": "FicheTournoi.aspx?Ref=52233",
    "endDate": 1604404800000,
    "name": "11ème Festival de la Tour Blanche",
    "region": "Ile-de-France",
    "startDate": 1604404800000,
  },
  Object {
    "city": "VITROLLES",
    "departement": 13,
    "detailLink": "FicheTournoi.aspx?Ref=52238",
    "endDate": 1604404800000,
    "name": "Open 13 2020-21 - r1",
    "region": "Provence-Alpes-Côte d'Azur",
    "startDate": 1604404800000,
  },
  Object {
    "city": "VITROLLES",
    "departement": 13,
    "detailLink": "FicheTournoi.aspx?Ref=52243",
    "endDate": 1604404800000,
    "name": "Open Vitrolles 2020-21 - r1",
    "region": "Provence-Alpes-Côte d'Azur",
    "startDate": 1604404800000,
  },
  Object {
    "city": "ORLEANS",
    "departement": 45,
    "detailLink": "FicheTournoi.aspx?Ref=52312",
    "endDate": 1604404800000,
    "name": "Challenge USO Echecs - Octobre 2020",
    "region": "Centre Val-de-Loire",
    "startDate": 1604404800000,
  },
  Object {
    "city": "BASTIA",
    "departement": NaN,
    "detailLink": "FicheTournoi.aspx?Ref=52325",
    "endDate": 1604750400000,
    "name": "Tournoi fermes du Corsica Chess Club 2020 Groupe A",
    "region": "Corse",
    "startDate": 1604404800000,
  },
  Object {
    "city": "BASTIA",
    "departement": NaN,
    "detailLink": "FicheTournoi.aspx?Ref=52326",
    "endDate": 1604750400000,
    "name": "Tournoi fermes du Corsica Chess Club 2020 Groupe B",
    "region": "Corse",
    "startDate": 1604404800000,
  },
  Object {
    "city": "BASTIA",
    "departement": NaN,
    "detailLink": "FicheTournoi.aspx?Ref=52327",
    "endDate": 1604750400000,
    "name": "Tournoi fermes du Corsica Chess Club 2020 Groupe C",
    "region": "Corse",
    "startDate": 1604404800000,
  },
  Object {
    "city": "AUBAGNE",
    "departement": 13,
    "detailLink": "FicheTournoi.aspx?Ref=52334",
    "endDate": 1604404800000,
    "name": "Open d'Aubagne 2020-2021 (-2200) r1",
    "region": "Provence-Alpes-Côte d'Azur",
    "startDate": 1604404800000,
  },
  Object {
    "city": "SEICHAMPS",
    "departement": 54,
    "detailLink": "FicheTournoi.aspx?Ref=52354",
    "endDate": 1604404800000,
    "name": "Circuit 54 2020-21 - Etape 1- 03 Octobre Seichamps",
    "region": "Grand Est",
    "startDate": 1604404800000,
  },
  Object {
    "city": "AUBAGNE",
    "departement": 13,
    "detailLink": "FicheTournoi.aspx?Ref=52357",
    "endDate": 1604404800000,
    "name": "Open d'Aubagne 2020-2021 B (-2200) r1",
    "region": "Provence-Alpes-Côte d'Azur",
    "startDate": 1604404800000,
  },
]
`;

exports[`fetchEventDetails Correctly fetch past event details 1`] = `
Object {
  "annoncement": "6 rondes - 15min KOAdresse du tournoi:Ecole Elementaire19 rue de l'Arbre Sec75001 ParisMo. Louvre-RivoliInsc.:8€, 12€ ou 16€ jusqu'au 7 octobre (cachet de la poste faisant foi) et selon les revenus des parents.Sur place, le tarif est de 20€ pour tousRens.:BREAU, Clementasso.schlak@gmail.com06 66 90 98 64http://www.schlak.org",
  "approvedBy": "IDF",
  "detailLink": "FicheTournoi.aspx?Ref=52033",
  "fees": Object {
    "senior": 0,
    "young": 12,
  },
  "host": Object {
    "adresse": "Ecole Elementaire 19 rue de l'Arbre Sec 75001 Paris",
    "contact": "BREAU Clement - asso.schlak@gmail.com - 06 66 90 98 64 - http://www.schlak.org",
    "name": "BREAU Clement",
  },
  "numberOfRounds": 6,
  "pairing": "Suisse",
  "players": Array [
    Object {
      "category": "PpoM",
      "elo": 799,
      "eventRating": 1,
      "federation": "flags/FRA.GIF",
      "league": "IDF",
      "name": "MATERIA Mario",
    },
    Object {
      "category": "PpoM",
      "elo": 799,
      "eventRating": 2,
      "federation": "flags/FRA.GIF",
      "league": "IDF",
      "name": "DE QUELEN Yvain",
    },
    Object {
      "category": "PpoM",
      "elo": 920,
      "eventRating": 3,
      "federation": "flags/FRA.GIF",
      "league": "IDF",
      "name": "KRIVINE Leon",
    },
    Object {
      "category": "PpoM",
      "elo": 860,
      "eventRating": 4,
      "federation": "flags/FRA.GIF",
      "league": "IDF",
      "name": "KRIVINE Vladimir",
    },
    Object {
      "category": "PpoM",
      "elo": 799,
      "eventRating": 5,
      "federation": "flags/FRA.GIF",
      "league": "IDF",
      "name": "VUIDEL Adrien",
    },
    Object {
      "category": "PpoM",
      "elo": 799,
      "eventRating": 6,
      "federation": "flags/FRA.GIF",
      "league": "",
      "name": "CAILLET-LACARRIERE Charles",
    },
    Object {
      "category": "PpoF",
      "elo": 980,
      "eventRating": 7,
      "federation": "flags/FRA.GIF",
      "league": "IDF",
      "name": "DE NAVE Margaux",
    },
    Object {
      "category": "PpoF",
      "elo": 799,
      "eventRating": 8,
      "federation": "flags/FRA.GIF",
      "league": "",
      "name": "MEHRZI Beya",
    },
    Object {
      "category": "PpoF",
      "elo": 799,
      "eventRating": 9,
      "federation": "flags/FRA.GIF",
      "league": "",
      "name": "BRIOLANT Marqueritte",
    },
    Object {
      "category": "PpoM",
      "elo": 870,
      "eventRating": 10,
      "federation": "flags/FRA.GIF",
      "league": "IDF",
      "name": "PINCON Pierrot",
    },
    Object {
      "category": "PpoF",
      "elo": 800,
      "eventRating": 11,
      "federation": "flags/FRA.GIF",
      "league": "IDF",
      "name": "PINCON Lili",
    },
    Object {
      "category": "PpoM",
      "elo": 799,
      "eventRating": 12,
      "federation": "flags/FRA.GIF",
      "league": "",
      "name": "MUGUET Louis",
    },
  ],
  "referee": "LORENZO Alfredo",
  "speed": Object {
    "increment": 0,
    "time": 15,
  },
}
`;

exports[`fetchEventDetails Fetch only participants if results are not available 1`] = `
Object {
  "annoncement": "Tournoi d'échecs de Chevigny St Sauveur (21) dans l'agglomération dijonnaise.* Un Open de 5 rondes associé à un toutes rondes pour les 6 plus forts Elo de la liste d'inscription.* Les deux tournois sont réservés aux Elo inférieurs à 2200.CE TOURNOI RÉUNIT LES 6 PLUS FORTS ELO DE L'OPEN.Buvette et restauration sur place.Salle d'analyse. Parking privé.PASS SANITAIRE OBLIGATOIRE, tournoi limité aux 40 premiers inscrits, ne tardez pas !Programme :Samedi 2 octobre. Pointages et dernières inscriptions 12h00-12h50.Ronde 1 à 13h00. Ronde 2 à 16h30.Dimanche 3 octobre. Ronde 3 à 9h30. Ronde 4 à 13h00 et Ronde 5 à 16h30 suivi de la remise des prix.Prix au général. Invitation gratuite à l'édition 2022 du vainqueur en plus de son prix de 250€.",
  "approvedBy": "FFE",
  "detailLink": "FicheTournoi.aspx?Ref=53336",
  "fees": Object {
    "senior": 20,
    "young": 10,
  },
  "host": Object {
    "adresse": "Centre Social et Culturel Pierre Perret 26 route de Bressey 21800 Chevigny St Sauveur",
    "contact": "esbarresbonnencoontreechecs@gmail.com ou Tanguy Ghirotto 06.16.43.39.17.",
    "name": "Esbarres Bonnencontre Echecs",
  },
  "numberOfRounds": 5,
  "pairing": "Toutes Rondes",
  "players": Array [
    Object {
      "category": "Club Universitaire Bourgogne Echecs - CUBE",
      "club": "Club Universitaire Bourgogne Echecs - CUBE",
      "elo": 1780,
      "federation": "flags/FRA.GIF",
      "league": "BFC",
      "name": "BAKHOUCH Yacine",
    },
    Object {
      "category": "Dijon Echiquier des Ducs",
      "club": "Dijon Echiquier des Ducs",
      "elo": 1758,
      "federation": "flags/FRA.GIF",
      "league": "BFC",
      "name": "BEAUFUME Pierre-Alain",
    },
    Object {
      "category": "Esbarres Bonnencontre Echecs",
      "club": "Esbarres Bonnencontre Echecs",
      "elo": 1941,
      "federation": "flags/CAN.GIF",
      "league": "BFC",
      "name": "CHIFFOT Nicolas",
    },
    Object {
      "category": "Esbarres Bonnencontre Echecs",
      "club": "Esbarres Bonnencontre Echecs",
      "elo": 1822,
      "federation": "flags/FRA.GIF",
      "league": "BFC",
      "name": "GHIROTTO Tanguy",
    },
    Object {
      "category": "Mulhouse Philidor",
      "club": "Mulhouse Philidor",
      "elo": 1938,
      "federation": "flags/FRA.GIF",
      "league": "EST",
      "name": "MATHEZ Florian",
    },
    Object {
      "category": "Charolais Brionnais Echec et Mat",
      "club": "Charolais Brionnais Echec et Mat",
      "elo": 2139,
      "federation": "flags/FRA.GIF",
      "league": "BFC",
      "name": "RACLE Valentin",
    },
  ],
  "referee": "BOILEAU Mickael",
  "speed": Object {
    "increment": 30,
    "time": 60,
  },
}
`;

exports[`fetchMonthEvents 1`] = `
Array [
  Object {
    "city": "LIFFRE",
    "departement": 35,
    "detailLink": "FicheTournoi.aspx?Ref=51863",
    "endDate": 1606132800000,
    "name": "Open International de Liffré 2020 - Tournoi A",
    "region": "Tournois Nationaux",
    "startDate": 1605614400000,
  },
  Object {
    "city": "LIFFRE",
    "departement": 35,
    "detailLink": "FicheTournoi.aspx?Ref=51863",
    "endDate": 1606132800000,
    "name": "Open International de Liffré 2020 - Tournoi A",
    "region": "Tournois Nationaux",
    "startDate": 1605614400000,
  },
  Object {
    "city": "LIFFRE",
    "departement": 35,
    "detailLink": "FicheTournoi.aspx?Ref=51863",
    "endDate": 1606132800000,
    "name": "Open International de Liffré 2020 - Tournoi A",
    "region": "Tournois Nationaux",
    "startDate": 1605614400000,
  },
  Object {
    "city": "LIFFRE",
    "departement": 35,
    "detailLink": "FicheTournoi.aspx?Ref=51863",
    "endDate": 1606132800000,
    "name": "Open International de Liffré 2020 - Tournoi A",
    "region": "Tournois Nationaux",
    "startDate": 1605614400000,
  },
  Object {
    "city": "LIFFRE",
    "departement": 35,
    "detailLink": "FicheTournoi.aspx?Ref=51863",
    "endDate": 1606132800000,
    "name": "Open International de Liffré 2020 - Tournoi A",
    "region": "Tournois Nationaux",
    "startDate": 1605614400000,
  },
  Object {
    "city": "LIFFRE",
    "departement": 35,
    "detailLink": "FicheTournoi.aspx?Ref=51863",
    "endDate": 1606132800000,
    "name": "Open International de Liffré 2020 - Tournoi A",
    "region": "Tournois Nationaux",
    "startDate": 1605614400000,
  },
  Object {
    "city": "LIFFRE",
    "departement": 35,
    "detailLink": "FicheTournoi.aspx?Ref=51863",
    "endDate": 1606132800000,
    "name": "Open International de Liffré 2020 - Tournoi A",
    "region": "Tournois Nationaux",
    "startDate": 1605614400000,
  },
  Object {
    "city": "LIFFRE",
    "departement": 35,
    "detailLink": "FicheTournoi.aspx?Ref=51864",
    "endDate": 1606132800000,
    "name": "Open International de Liffré 2020 - Tournoi B",
    "region": "Tournois Nationaux",
    "startDate": 1605614400000,
  },
  Object {
    "city": "LIFFRE",
    "departement": 35,
    "detailLink": "FicheTournoi.aspx?Ref=51864",
    "endDate": 1606132800000,
    "name": "Open International de Liffré 2020 - Tournoi B",
    "region": "Tournois Nationaux",
    "startDate": 1605614400000,
  },
  Object {
    "city": "LIFFRE",
    "departement": 35,
    "detailLink": "FicheTournoi.aspx?Ref=51864",
    "endDate": 1606132800000,
    "name": "Open International de Liffré 2020 - Tournoi B",
    "region": "Tournois Nationaux",
    "startDate": 1605614400000,
  },
  Object {
    "city": "LIFFRE",
    "departement": 35,
    "detailLink": "FicheTournoi.aspx?Ref=51864",
    "endDate": 1606132800000,
    "name": "Open International de Liffré 2020 - Tournoi B",
    "region": "Tournois Nationaux",
    "startDate": 1605614400000,
  },
  Object {
    "city": "LIFFRE",
    "departement": 35,
    "detailLink": "FicheTournoi.aspx?Ref=51864",
    "endDate": 1606132800000,
    "name": "Open International de Liffré 2020 - Tournoi B",
    "region": "Tournois Nationaux",
    "startDate": 1605614400000,
  },
  Object {
    "city": "LIFFRE",
    "departement": 35,
    "detailLink": "FicheTournoi.aspx?Ref=51864",
    "endDate": 1606132800000,
    "name": "Open International de Liffré 2020 - Tournoi B",
    "region": "Tournois Nationaux",
    "startDate": 1605614400000,
  },
  Object {
    "city": "LIFFRE",
    "departement": 35,
    "detailLink": "FicheTournoi.aspx?Ref=51864",
    "endDate": 1606132800000,
    "name": "Open International de Liffré 2020 - Tournoi B",
    "region": "Tournois Nationaux",
    "startDate": 1605614400000,
  },
  Object {
    "city": "PARIS",
    "departement": 75,
    "detailLink": "FicheTournoi.aspx?Ref=52029",
    "endDate": 1605009600000,
    "name": "66e Open Rapide Schlak Excellence",
    "region": "Ile-de-France",
    "startDate": 1605009600000,
  },
  Object {
    "city": "PARIS",
    "departement": 75,
    "detailLink": "FicheTournoi.aspx?Ref=52030",
    "endDate": 1605009600000,
    "name": "66e Open Rapide Schlak D - Accompagnateurs",
    "region": "Ile-de-France",
    "startDate": 1605009600000,
  },
  Object {
    "city": "PARIS",
    "departement": 75,
    "detailLink": "FicheTournoi.aspx?Ref=52031",
    "endDate": 1605009600000,
    "name": "66e Open Rapide Schlak C - Pupilles Benjamins Minimes",
    "region": "Ile-de-France",
    "startDate": 1605009600000,
  },
  Object {
    "city": "PARIS",
    "departement": 75,
    "detailLink": "FicheTournoi.aspx?Ref=52032",
    "endDate": 1605009600000,
    "name": "66e Open Rapide Schlak B - Poussins",
    "region": "Ile-de-France",
    "startDate": 1605009600000,
  },
  Object {
    "city": "PARIS",
    "departement": 75,
    "detailLink": "FicheTournoi.aspx?Ref=52033",
    "endDate": 1605009600000,
    "name": "66e Open Rapide Schlak A - Petits Poussins",
    "region": "Ile-de-France",
    "startDate": 1605009600000,
  },
  Object {
    "city": "PERPIGNAN",
    "departement": 66,
    "detailLink": "FicheTournoi.aspx?Ref=52125",
    "endDate": 1605700800000,
    "name": "3ème Festival International de Perpignan Rapide",
    "region": "Occitanie",
    "startDate": 1605700800000,
  },
  Object {
    "city": "PERPIGNAN",
    "departement": 66,
    "detailLink": "FicheTournoi.aspx?Ref=52126",
    "endDate": 1605614400000,
    "name": "3ème Festival International de Perpignan Blitz",
    "region": "Occitanie",
    "startDate": 1605614400000,
  },
  Object {
    "city": "CHARTRES",
    "departement": 28,
    "detailLink": "FicheTournoi.aspx?Ref=52130",
    "endDate": 1604491200000,
    "name": "1er Tournoi de GMI du C'Chartres Echecs",
    "region": "Tournois Nationaux",
    "startDate": 1604059200000,
  },
  Object {
    "city": "CHARTRES",
    "departement": 28,
    "detailLink": "FicheTournoi.aspx?Ref=52130",
    "endDate": 1604491200000,
    "name": "1er Tournoi de GMI du C'Chartres Echecs",
    "region": "Tournois Nationaux",
    "startDate": 1604059200000,
  },
  Object {
    "city": "CHARTRES",
    "departement": 28,
    "detailLink": "FicheTournoi.aspx?Ref=52130",
    "endDate": 1604491200000,
    "name": "1er Tournoi de GMI du C'Chartres Echecs",
    "region": "Tournois Nationaux",
    "startDate": 1604059200000,
  },
  Object {
    "city": "CHARTRES",
    "departement": 28,
    "detailLink": "FicheTournoi.aspx?Ref=52130",
    "endDate": 1604491200000,
    "name": "1er Tournoi de GMI du C'Chartres Echecs",
    "region": "Tournois Nationaux",
    "startDate": 1604059200000,
  },
  Object {
    "city": "GRENOBLE",
    "departement": 38,
    "detailLink": "FicheTournoi.aspx?Ref=52181",
    "endDate": 1605355200000,
    "name": "L'Echiquier Grenoblois - Automne 2020 (-2200) r4-6",
    "region": "Auvergne-Rhône-Alpes",
    "startDate": 1604059200000,
  },
  Object {
    "city": "GRENOBLE",
    "departement": 38,
    "detailLink": "FicheTournoi.aspx?Ref=52181",
    "endDate": 1605355200000,
    "name": "L'Echiquier Grenoblois - Automne 2020 (-2200) r4-6",
    "region": "Auvergne-Rhône-Alpes",
    "startDate": 1604059200000,
  },
  Object {
    "city": "GRENOBLE",
    "departement": 38,
    "detailLink": "FicheTournoi.aspx?Ref=52181",
    "endDate": 1605355200000,
    "name": "L'Echiquier Grenoblois - Automne 2020 (-2200) r4-6",
    "region": "Auvergne-Rhône-Alpes",
    "startDate": 1604059200000,
  },
  Object {
    "city": "GRENOBLE",
    "departement": 38,
    "detailLink": "FicheTournoi.aspx?Ref=52181",
    "endDate": 1605355200000,
    "name": "L'Echiquier Grenoblois - Automne 2020 (-2200) r4-6",
    "region": "Auvergne-Rhône-Alpes",
    "startDate": 1604059200000,
  },
  Object {
    "city": "GRENOBLE",
    "departement": 38,
    "detailLink": "FicheTournoi.aspx?Ref=52181",
    "endDate": 1605355200000,
    "name": "L'Echiquier Grenoblois - Automne 2020 (-2200) r4-6",
    "region": "Auvergne-Rhône-Alpes",
    "startDate": 1604059200000,
  },
  Object {
    "city": "GRENOBLE",
    "departement": 38,
    "detailLink": "FicheTournoi.aspx?Ref=52181",
    "endDate": 1605355200000,
    "name": "L'Echiquier Grenoblois - Automne 2020 (-2200) r4-6",
    "region": "Auvergne-Rhône-Alpes",
    "startDate": 1604059200000,
  },
  Object {
    "city": "GRENOBLE",
    "departement": 38,
    "detailLink": "FicheTournoi.aspx?Ref=52181",
    "endDate": 1605355200000,
    "name": "L'Echiquier Grenoblois - Automne 2020 (-2200) r4-6",
    "region": "Auvergne-Rhône-Alpes",
    "startDate": 1604059200000,
  },
  Object {
    "city": "GRENOBLE",
    "departement": 38,
    "detailLink": "FicheTournoi.aspx?Ref=52181",
    "endDate": 1605355200000,
    "name": "L'Echiquier Grenoblois - Automne 2020 (-2200) r4-6",
    "region": "Auvergne-Rhône-Alpes",
    "startDate": 1604059200000,
  },
  Object {
    "city": "GRENOBLE",
    "departement": 38,
    "detailLink": "FicheTournoi.aspx?Ref=52181",
    "endDate": 1605355200000,
    "name": "L'Echiquier Grenoblois - Automne 2020 (-2200) r4-6",
    "region": "Auvergne-Rhône-Alpes",
    "startDate": 1604059200000,
  },
  Object {
    "city": "GRENOBLE",
    "departement": 38,
    "detailLink": "FicheTournoi.aspx?Ref=52181",
    "endDate": 1605355200000,
    "name": "L'Echiquier Grenoblois - Automne 2020 (-2200) r4-6",
    "region": "Auvergne-Rhône-Alpes",
    "startDate": 1604059200000,
  },
  Object {
    "city": "GRENOBLE",
    "departement": 38,
    "detailLink": "FicheTournoi.aspx?Ref=52181",
    "endDate": 1605355200000,
    "name": "L'Echiquier Grenoblois - Automne 2020 (-2200) r4-6",
    "region": "Auvergne-Rhône-Alpes",
    "startDate": 1604059200000,
  },
  Object {
    "city": "GRENOBLE",
    "departement": 38,
    "detailLink": "FicheTournoi.aspx?Ref=52181",
    "endDate": 1605355200000,
    "name": "L'Echiquier Grenoblois - Automne 2020 (-2200) r4-6",
    "region": "Auvergne-Rhône-Alpes",
    "startDate": 1604059200000,
  },
  Object {
    "city": "GRENOBLE",
    "departement": 38,
    "detailLink": "FicheTournoi.aspx?Ref=52181",
    "endDate": 1605355200000,
    "name": "L'Echiquier Grenoblois - Automne 2020 (-2200) r4-6",
    "region": "Auvergne-Rhône-Alpes",
    "startDate": 1604059200000,
  },
  Object {
    "city": "GRENOBLE",
    "departement": 38,
    "detailLink": "FicheTournoi.aspx?Ref=52181",
    "endDate": 1605355200000,
    "name": "L'Echiquier Grenoblois - Automne 2020 (-2200) r4-6",
    "region": "Auvergne-Rhône-Alpes",
    "startDate": 1604059200000,
  },
  Object {
    "city": "FRANCE",
    "departement": NaN,
    "detailLink": "FicheTournoi.aspx?Ref=52186",
    "endDate": 1605096000000,
    "name": "Nationale 1",
    "region": "Compétitions FFE",
    "startDate": 1605009600000,
  },
  Object {
    "city": "FRANCE",
    "departement": NaN,
    "detailLink": "FicheTournoi.aspx?Ref=52186",
    "endDate": 1605096000000,
    "name": "Nationale 1",
    "region": "Compétitions FFE",
    "startDate": 1605009600000,
  },
  Object {
    "city": "FRANCE",
    "departement": NaN,
    "detailLink": "FicheTournoi.aspx?Ref=52191",
    "endDate": 1605096000000,
    "name": "Nationale 2",
    "region": "Compétitions FFE",
    "startDate": 1605009600000,
  },
  Object {
    "city": "FRANCE",
    "departement": NaN,
    "detailLink": "FicheTournoi.aspx?Ref=52191",
    "endDate": 1605096000000,
    "name": "Nationale 2",
    "region": "Compétitions FFE",
    "startDate": 1605009600000,
  },
  Object {
    "city": "FRANCE",
    "departement": NaN,
    "detailLink": "FicheTournoi.aspx?Ref=52197",
    "endDate": 1605096000000,
    "name": "Nationale 3",
    "region": "Compétitions FFE",
    "startDate": 1605096000000,
  },
  Object {
    "city": "GRENOBLE",
    "departement": 38,
    "detailLink": "FicheTournoi.aspx?Ref=52230",
    "endDate": 1604836800000,
    "name": "Tournoi de blitz de Grenoble Octobre 2020",
    "region": "Auvergne-Rhône-Alpes",
    "startDate": 1604836800000,
  },
  Object {
    "city": "PARIS",
    "departement": 75,
    "detailLink": "FicheTournoi.aspx?Ref=52233",
    "endDate": 1604404800000,
    "name": "11ème Festival de la Tour Blanche",
    "region": "Ile-de-France",
    "startDate": 1604404800000,
  },
  Object {
    "city": "VITROLLES",
    "departement": 13,
    "detailLink": "FicheTournoi.aspx?Ref=52238",
    "endDate": 1604404800000,
    "name": "Open 13 2020-21 - r1",
    "region": "Provence-Alpes-Côte d'Azur",
    "startDate": 1604404800000,
  },
  Object {
    "city": "VITROLLES",
    "departement": 13,
    "detailLink": "FicheTournoi.aspx?Ref=52243",
    "endDate": 1604404800000,
    "name": "Open Vitrolles 2020-21 - r1",
    "region": "Provence-Alpes-Côte d'Azur",
    "startDate": 1604404800000,
  },
  Object {
    "city": "VITROLLES",
    "departement": 13,
    "detailLink": "FicheTournoi.aspx?Ref=52248",
    "endDate": 1604318400000,
    "name": "Open Marseille 2020-21 (-2200) r1",
    "region": "Provence-Alpes-Côte d'Azur",
    "startDate": 1604318400000,
  },
  Object {
    "city": "GRASSE",
    "departement": 6,
    "detailLink": "FicheTournoi.aspx?Ref=52254",
    "endDate": 1606046400000,
    "name": "1er Open des Fleurs de Grasse",
    "region": "Tournois Nationaux",
    "startDate": 1605787200000,
  },
  Object {
    "city": "GRASSE",
    "departement": 6,
    "detailLink": "FicheTournoi.aspx?Ref=52254",
    "endDate": 1606046400000,
    "name": "1er Open des Fleurs de Grasse",
    "region": "Tournois Nationaux",
    "startDate": 1605787200000,
  },
  Object {
    "city": "GRASSE",
    "departement": 6,
    "detailLink": "FicheTournoi.aspx?Ref=52254",
    "endDate": 1606046400000,
    "name": "1er Open des Fleurs de Grasse",
    "region": "Tournois Nationaux",
    "startDate": 1605787200000,
  },
  Object {
    "city": "GRASSE",
    "departement": 6,
    "detailLink": "FicheTournoi.aspx?Ref=52254",
    "endDate": 1606046400000,
    "name": "1er Open des Fleurs de Grasse",
    "region": "Tournois Nationaux",
    "startDate": 1605787200000,
  },
  Object {
    "city": "NIMES",
    "departement": 30,
    "detailLink": "FicheTournoi.aspx?Ref=52255",
    "endDate": 1604491200000,
    "name": "Les 8 rondes de Nîmes 2020",
    "region": "Occitanie",
    "startDate": 1604491200000,
  },
  Object {
    "city": "MEAUX",
    "departement": 77,
    "detailLink": "FicheTournoi.aspx?Ref=52256",
    "endDate": 1605528000000,
    "name": "1er Tournoi Blitz FIDE Octobre 2020 à Meaux",
    "region": "Ile-de-France",
    "startDate": 1605528000000,
  },
  Object {
    "city": "LA BRESSE",
    "departement": 88,
    "detailLink": "FicheTournoi.aspx?Ref=52258",
    "endDate": 1606824000000,
    "name": "40ème Open de La Bresse - Tournoi A (plus de 1400)",
    "region": "Tournois Nationaux",
    "startDate": 1606564800000,
  },
  Object {
    "city": "LA BRESSE",
    "departement": 88,
    "detailLink": "FicheTournoi.aspx?Ref=52258",
    "endDate": 1606824000000,
    "name": "40ème Open de La Bresse - Tournoi A (plus de 1400)",
    "region": "Tournois Nationaux",
    "startDate": 1606564800000,
  },
  Object {
    "city": "LA BRESSE",
    "departement": 88,
    "detailLink": "FicheTournoi.aspx?Ref=52258",
    "endDate": 1606824000000,
    "name": "40ème Open de La Bresse - Tournoi A (plus de 1400)",
    "region": "Tournois Nationaux",
    "startDate": 1606564800000,
  },
  Object {
    "city": "LA BRESSE",
    "departement": 88,
    "detailLink": "FicheTournoi.aspx?Ref=52258",
    "endDate": 1606824000000,
    "name": "40ème Open de La Bresse - Tournoi A (plus de 1400)",
    "region": "Tournois Nationaux",
    "startDate": 1606564800000,
  },
  Object {
    "city": "LA BRESSE",
    "departement": 88,
    "detailLink": "FicheTournoi.aspx?Ref=52259",
    "endDate": 1606824000000,
    "name": "40ème Open de La Bresse - Tournoi B (-1500)",
    "region": "Tournois Nationaux",
    "startDate": 1606564800000,
  },
  Object {
    "city": "LA BRESSE",
    "departement": 88,
    "detailLink": "FicheTournoi.aspx?Ref=52259",
    "endDate": 1606824000000,
    "name": "40ème Open de La Bresse - Tournoi B (-1500)",
    "region": "Tournois Nationaux",
    "startDate": 1606564800000,
  },
  Object {
    "city": "LA BRESSE",
    "departement": 88,
    "detailLink": "FicheTournoi.aspx?Ref=52259",
    "endDate": 1606824000000,
    "name": "40ème Open de La Bresse - Tournoi B (-1500)",
    "region": "Tournois Nationaux",
    "startDate": 1606564800000,
  },
  Object {
    "city": "LA BRESSE",
    "departement": 88,
    "detailLink": "FicheTournoi.aspx?Ref=52259",
    "endDate": 1606824000000,
    "name": "40ème Open de La Bresse - Tournoi B (-1500)",
    "region": "Tournois Nationaux",
    "startDate": 1606564800000,
  },
  Object {
    "city": "FONTAINEBLEAU",
    "departement": 77,
    "detailLink": "FicheTournoi.aspx?Ref=52276",
    "endDate": 1605009600000,
    "name": "1er Rapide de Fontainebleau",
    "region": "Ile-de-France",
    "startDate": 1605009600000,
  },
  Object {
    "city": "LE TOUQUET PARIS PLAGE",
    "departement": 62,
    "detailLink": "FicheTournoi.aspx?Ref=52282",
    "endDate": 1606564800000,
    "name": "35e Open International du Touquet - Tournois Accession (-2200)",
    "region": "Tournois Nationaux",
    "startDate": 1606219200000,
  },
  Object {
    "city": "LE TOUQUET PARIS PLAGE",
    "departement": 62,
    "detailLink": "FicheTournoi.aspx?Ref=52282",
    "endDate": 1606564800000,
    "name": "35e Open International du Touquet - Tournois Accession (-2200)",
    "region": "Tournois Nationaux",
    "startDate": 1606219200000,
  },
  Object {
    "city": "LE TOUQUET PARIS PLAGE",
    "departement": 62,
    "detailLink": "FicheTournoi.aspx?Ref=52282",
    "endDate": 1606564800000,
    "name": "35e Open International du Touquet - Tournois Accession (-2200)",
    "region": "Tournois Nationaux",
    "startDate": 1606219200000,
  },
  Object {
    "city": "LE TOUQUET PARIS PLAGE",
    "departement": 62,
    "detailLink": "FicheTournoi.aspx?Ref=52282",
    "endDate": 1606564800000,
    "name": "35e Open International du Touquet - Tournois Accession (-2200)",
    "region": "Tournois Nationaux",
    "startDate": 1606219200000,
  },
  Object {
    "city": "LE TOUQUET PARIS PLAGE",
    "departement": 62,
    "detailLink": "FicheTournoi.aspx?Ref=52282",
    "endDate": 1606564800000,
    "name": "35e Open International du Touquet - Tournois Accession (-2200)",
    "region": "Tournois Nationaux",
    "startDate": 1606219200000,
  },
  Object {
    "city": "LE TOUQUET PARIS PLAGE",
    "departement": 62,
    "detailLink": "FicheTournoi.aspx?Ref=52283",
    "endDate": 1606564800000,
    "name": "35e Open International du Touquet - Tournoi Amateur (-1600)",
    "region": "Tournois Nationaux",
    "startDate": 1606219200000,
  },
  Object {
    "city": "LE TOUQUET PARIS PLAGE",
    "departement": 62,
    "detailLink": "FicheTournoi.aspx?Ref=52283",
    "endDate": 1606564800000,
    "name": "35e Open International du Touquet - Tournoi Amateur (-1600)",
    "region": "Tournois Nationaux",
    "startDate": 1606219200000,
  },
  Object {
    "city": "LE TOUQUET PARIS PLAGE",
    "departement": 62,
    "detailLink": "FicheTournoi.aspx?Ref=52283",
    "endDate": 1606564800000,
    "name": "35e Open International du Touquet - Tournoi Amateur (-1600)",
    "region": "Tournois Nationaux",
    "startDate": 1606219200000,
  },
  Object {
    "city": "LE TOUQUET PARIS PLAGE",
    "departement": 62,
    "detailLink": "FicheTournoi.aspx?Ref=52283",
    "endDate": 1606564800000,
    "name": "35e Open International du Touquet - Tournoi Amateur (-1600)",
    "region": "Tournois Nationaux",
    "startDate": 1606219200000,
  },
  Object {
    "city": "LE TOUQUET PARIS PLAGE",
    "departement": 62,
    "detailLink": "FicheTournoi.aspx?Ref=52283",
    "endDate": 1606564800000,
    "name": "35e Open International du Touquet - Tournoi Amateur (-1600)",
    "region": "Tournois Nationaux",
    "startDate": 1606219200000,
  },
  Object {
    "city": "LE TOUQUET PARIS PLAGE",
    "departement": 62,
    "detailLink": "FicheTournoi.aspx?Ref=52284",
    "endDate": 1606737600000,
    "name": "35e Open International du Touquet - Tournoi Master",
    "region": "Tournois Nationaux",
    "startDate": 1606219200000,
  },
  Object {
    "city": "LE TOUQUET PARIS PLAGE",
    "departement": 62,
    "detailLink": "FicheTournoi.aspx?Ref=52284",
    "endDate": 1606737600000,
    "name": "35e Open International du Touquet - Tournoi Master",
    "region": "Tournois Nationaux",
    "startDate": 1606219200000,
  },
  Object {
    "city": "LE TOUQUET PARIS PLAGE",
    "departement": 62,
    "detailLink": "FicheTournoi.aspx?Ref=52284",
    "endDate": 1606737600000,
    "name": "35e Open International du Touquet - Tournoi Master",
    "region": "Tournois Nationaux",
    "startDate": 1606219200000,
  },
  Object {
    "city": "LE TOUQUET PARIS PLAGE",
    "departement": 62,
    "detailLink": "FicheTournoi.aspx?Ref=52284",
    "endDate": 1606737600000,
    "name": "35e Open International du Touquet - Tournoi Master",
    "region": "Tournois Nationaux",
    "startDate": 1606219200000,
  },
  Object {
    "city": "LE TOUQUET PARIS PLAGE",
    "departement": 62,
    "detailLink": "FicheTournoi.aspx?Ref=52284",
    "endDate": 1606737600000,
    "name": "35e Open International du Touquet - Tournoi Master",
    "region": "Tournois Nationaux",
    "startDate": 1606219200000,
  },
  Object {
    "city": "LE TOUQUET PARIS PLAGE",
    "departement": 62,
    "detailLink": "FicheTournoi.aspx?Ref=52284",
    "endDate": 1606737600000,
    "name": "35e Open International du Touquet - Tournoi Master",
    "region": "Tournois Nationaux",
    "startDate": 1606219200000,
  },
  Object {
    "city": "LE TOUQUET PARIS PLAGE",
    "departement": 62,
    "detailLink": "FicheTournoi.aspx?Ref=52284",
    "endDate": 1606737600000,
    "name": "35e Open International du Touquet - Tournoi Master",
    "region": "Tournois Nationaux",
    "startDate": 1606219200000,
  },
  Object {
    "city": "LE TOUQUET PARIS PLAGE",
    "departement": 62,
    "detailLink": "FicheTournoi.aspx?Ref=52285",
    "endDate": 1606737600000,
    "name": "35e Open International du Touquet - Tournoi Avenir (-1800)",
    "region": "Tournois Nationaux",
    "startDate": 1606219200000,
  },
  Object {
    "city": "LE TOUQUET PARIS PLAGE",
    "departement": 62,
    "detailLink": "FicheTournoi.aspx?Ref=52285",
    "endDate": 1606737600000,
    "name": "35e Open International du Touquet - Tournoi Avenir (-1800)",
    "region": "Tournois Nationaux",
    "startDate": 1606219200000,
  },
  Object {
    "city": "LE TOUQUET PARIS PLAGE",
    "departement": 62,
    "detailLink": "FicheTournoi.aspx?Ref=52285",
    "endDate": 1606737600000,
    "name": "35e Open International du Touquet - Tournoi Avenir (-1800)",
    "region": "Tournois Nationaux",
    "startDate": 1606219200000,
  },
  Object {
    "city": "LE TOUQUET PARIS PLAGE",
    "departement": 62,
    "detailLink": "FicheTournoi.aspx?Ref=52285",
    "endDate": 1606737600000,
    "name": "35e Open International du Touquet - Tournoi Avenir (-1800)",
    "region": "Tournois Nationaux",
    "startDate": 1606219200000,
  },
  Object {
    "city": "LE TOUQUET PARIS PLAGE",
    "departement": 62,
    "detailLink": "FicheTournoi.aspx?Ref=52285",
    "endDate": 1606737600000,
    "name": "35e Open International du Touquet - Tournoi Avenir (-1800)",
    "region": "Tournois Nationaux",
    "startDate": 1606219200000,
  },
  Object {
    "city": "LE TOUQUET PARIS PLAGE",
    "departement": 62,
    "detailLink": "FicheTournoi.aspx?Ref=52285",
    "endDate": 1606737600000,
    "name": "35e Open International du Touquet - Tournoi Avenir (-1800)",
    "region": "Tournois Nationaux",
    "startDate": 1606219200000,
  },
  Object {
    "city": "LE TOUQUET PARIS PLAGE",
    "departement": 62,
    "detailLink": "FicheTournoi.aspx?Ref=52285",
    "endDate": 1606737600000,
    "name": "35e Open International du Touquet - Tournoi Avenir (-1800)",
    "region": "Tournois Nationaux",
    "startDate": 1606219200000,
  },
  Object {
    "city": "CRAN GEVRIER",
    "departement": 74,
    "detailLink": "FicheTournoi.aspx?Ref=52300",
    "endDate": 1606219200000,
    "name": "Championnat d'Annecy automne 2020 r1-6",
    "region": "Tournois Nationaux",
    "startDate": 1605441600000,
  },
  Object {
    "city": "CRAN GEVRIER",
    "departement": 74,
    "detailLink": "FicheTournoi.aspx?Ref=52300",
    "endDate": 1606219200000,
    "name": "Championnat d'Annecy automne 2020 r1-6",
    "region": "Tournois Nationaux",
    "startDate": 1605441600000,
  },
  Object {
    "city": "CRAN GEVRIER",
    "departement": 74,
    "detailLink": "FicheTournoi.aspx?Ref=52300",
    "endDate": 1606219200000,
    "name": "Championnat d'Annecy automne 2020 r1-6",
    "region": "Tournois Nationaux",
    "startDate": 1605441600000,
  },
  Object {
    "city": "CRAN GEVRIER",
    "departement": 74,
    "detailLink": "FicheTournoi.aspx?Ref=52300",
    "endDate": 1606219200000,
    "name": "Championnat d'Annecy automne 2020 r1-6",
    "region": "Tournois Nationaux",
    "startDate": 1605441600000,
  },
  Object {
    "city": "CRAN GEVRIER",
    "departement": 74,
    "detailLink": "FicheTournoi.aspx?Ref=52300",
    "endDate": 1606219200000,
    "name": "Championnat d'Annecy automne 2020 r1-6",
    "region": "Tournois Nationaux",
    "startDate": 1605441600000,
  },
  Object {
    "city": "CRAN GEVRIER",
    "departement": 74,
    "detailLink": "FicheTournoi.aspx?Ref=52300",
    "endDate": 1606219200000,
    "name": "Championnat d'Annecy automne 2020 r1-6",
    "region": "Tournois Nationaux",
    "startDate": 1605441600000,
  },
  Object {
    "city": "CRAN GEVRIER",
    "departement": 74,
    "detailLink": "FicheTournoi.aspx?Ref=52300",
    "endDate": 1606219200000,
    "name": "Championnat d'Annecy automne 2020 r1-6",
    "region": "Tournois Nationaux",
    "startDate": 1605441600000,
  },
  Object {
    "city": "CRAN GEVRIER",
    "departement": 74,
    "detailLink": "FicheTournoi.aspx?Ref=52300",
    "endDate": 1606219200000,
    "name": "Championnat d'Annecy automne 2020 r1-6",
    "region": "Tournois Nationaux",
    "startDate": 1605441600000,
  },
  Object {
    "city": "CRAN GEVRIER",
    "departement": 74,
    "detailLink": "FicheTournoi.aspx?Ref=52300",
    "endDate": 1606219200000,
    "name": "Championnat d'Annecy automne 2020 r1-6",
    "region": "Tournois Nationaux",
    "startDate": 1605441600000,
  },
  Object {
    "city": "CRAN GEVRIER",
    "departement": 74,
    "detailLink": "FicheTournoi.aspx?Ref=52300",
    "endDate": 1606219200000,
    "name": "Championnat d'Annecy automne 2020 r1-6",
    "region": "Tournois Nationaux",
    "startDate": 1605441600000,
  },
  Object {
    "city": "LE TOUQUET PARIS PLAGE",
    "departement": 62,
    "detailLink": "FicheTournoi.aspx?Ref=52303",
    "endDate": 1606651200000,
    "name": "35e Open International du Touquet - Blitz",
    "region": "Hauts-de-France",
    "startDate": 1606651200000,
  },
  Object {
    "city": "LA BRESSE",
    "departement": 88,
    "detailLink": "FicheTournoi.aspx?Ref=52309",
    "endDate": 1606824000000,
    "name": "40ème Open de La Bresse - Tournoi C (-1150)",
    "region": "Tournois Nationaux",
    "startDate": 1606564800000,
  },
  Object {
    "city": "LA BRESSE",
    "departement": 88,
    "detailLink": "FicheTournoi.aspx?Ref=52309",
    "endDate": 1606824000000,
    "name": "40ème Open de La Bresse - Tournoi C (-1150)",
    "region": "Tournois Nationaux",
    "startDate": 1606564800000,
  },
  Object {
    "city": "LA BRESSE",
    "departement": 88,
    "detailLink": "FicheTournoi.aspx?Ref=52309",
    "endDate": 1606824000000,
    "name": "40ème Open de La Bresse - Tournoi C (-1150)",
    "region": "Tournois Nationaux",
    "startDate": 1606564800000,
  },
  Object {
    "city": "LA BRESSE",
    "departement": 88,
    "detailLink": "FicheTournoi.aspx?Ref=52309",
    "endDate": 1606824000000,
    "name": "40ème Open de La Bresse - Tournoi C (-1150)",
    "region": "Tournois Nationaux",
    "startDate": 1606564800000,
  },
  Object {
    "city": "CLICHY",
    "departement": 92,
    "detailLink": "FicheTournoi.aspx?Ref=52311",
    "endDate": 1604491200000,
    "name": "Rapide Fide jeunes Palamède octobre 2020",
    "region": "Ile-de-France",
    "startDate": 1604491200000,
  },
  Object {
    "city": "ORLEANS",
    "departement": 45,
    "detailLink": "FicheTournoi.aspx?Ref=52312",
    "endDate": 1604404800000,
    "name": "Challenge USO Echecs - Octobre 2020",
    "region": "Centre Val-de-Loire",
    "startDate": 1604404800000,
  },
  Object {
    "city": "SAINT JEAN PLA DE CORTS",
    "departement": 66,
    "detailLink": "FicheTournoi.aspx?Ref=52313",
    "endDate": 1605009600000,
    "name": "1er Blitz FIDE Echiquier Saint Jeannais 2020-21",
    "region": "Occitanie",
    "startDate": 1605009600000,
  },
  Object {
    "city": "BENNWIHR",
    "departement": 68,
    "detailLink": "FicheTournoi.aspx?Ref=52316",
    "endDate": 1605700800000,
    "name": "Championnat Haut-Rhin 2020 Pupilles U12",
    "region": "Grand Est",
    "startDate": 1605614400000,
  },
  Object {
    "city": "BENNWIHR",
    "departement": 68,
    "detailLink": "FicheTournoi.aspx?Ref=52316",
    "endDate": 1605700800000,
    "name": "Championnat Haut-Rhin 2020 Pupilles U12",
    "region": "Grand Est",
    "startDate": 1605614400000,
  },
  Object {
    "city": "BENNWIHR",
    "departement": 68,
    "detailLink": "FicheTournoi.aspx?Ref=52317",
    "endDate": 1605700800000,
    "name": "Championnat Haut-Rhin 2020 Pupillettes U12F",
    "region": "Grand Est",
    "startDate": 1605614400000,
  },
  Object {
    "city": "BENNWIHR",
    "departement": 68,
    "detailLink": "FicheTournoi.aspx?Ref=52317",
    "endDate": 1605700800000,
    "name": "Championnat Haut-Rhin 2020 Pupillettes U12F",
    "region": "Grand Est",
    "startDate": 1605614400000,
  },
  Object {
    "city": "BENNWIHR",
    "departement": 68,
    "detailLink": "FicheTournoi.aspx?Ref=52318",
    "endDate": 1605700800000,
    "name": "Championnat Haut-Rhin 2020 Benjamins U14",
    "region": "Grand Est",
    "startDate": 1605614400000,
  },
  Object {
    "city": "BENNWIHR",
    "departement": 68,
    "detailLink": "FicheTournoi.aspx?Ref=52318",
    "endDate": 1605700800000,
    "name": "Championnat Haut-Rhin 2020 Benjamins U14",
    "region": "Grand Est",
    "startDate": 1605614400000,
  },
  Object {
    "city": "BENNWIHR",
    "departement": 68,
    "detailLink": "FicheTournoi.aspx?Ref=52319",
    "endDate": 1605700800000,
    "name": "Championnat Haut-Rhin 2020 Benjamines U14F U16F",
    "region": "Grand Est",
    "startDate": 1605614400000,
  },
  Object {
    "city": "BENNWIHR",
    "departement": 68,
    "detailLink": "FicheTournoi.aspx?Ref=52319",
    "endDate": 1605700800000,
    "name": "Championnat Haut-Rhin 2020 Benjamines U14F U16F",
    "region": "Grand Est",
    "startDate": 1605614400000,
  },
  Object {
    "city": "BENNWIHR",
    "departement": 68,
    "detailLink": "FicheTournoi.aspx?Ref=52320",
    "endDate": 1605700800000,
    "name": "Championnat Haut-Rhin 2020 Minimes U16",
    "region": "Grand Est",
    "startDate": 1605614400000,
  },
  Object {
    "city": "BENNWIHR",
    "departement": 68,
    "detailLink": "FicheTournoi.aspx?Ref=52320",
    "endDate": 1605700800000,
    "name": "Championnat Haut-Rhin 2020 Minimes U16",
    "region": "Grand Est",
    "startDate": 1605614400000,
  },
  Object {
    "city": "NICE",
    "departement": 6,
    "detailLink": "FicheTournoi.aspx?Ref=52323",
    "endDate": 1604491200000,
    "name": "Tournoi rapide Echiquier Niçois 04-10-2020",
    "region": "Provence-Alpes-Côte d'Azur",
    "startDate": 1604491200000,
  },
  Object {
    "city": "BASTIA",
    "departement": NaN,
    "detailLink": "FicheTournoi.aspx?Ref=52325",
    "endDate": 1604750400000,
    "name": "Tournoi fermes du Corsica Chess Club 2020 Groupe A",
    "region": "Corse",
    "startDate": 1604404800000,
  },
  Object {
    "city": "BASTIA",
    "departement": NaN,
    "detailLink": "FicheTournoi.aspx?Ref=52325",
    "endDate": 1604750400000,
    "name": "Tournoi fermes du Corsica Chess Club 2020 Groupe A",
    "region": "Corse",
    "startDate": 1604404800000,
  },
  Object {
    "city": "BASTIA",
    "departement": NaN,
    "detailLink": "FicheTournoi.aspx?Ref=52325",
    "endDate": 1604750400000,
    "name": "Tournoi fermes du Corsica Chess Club 2020 Groupe A",
    "region": "Corse",
    "startDate": 1604404800000,
  },
  Object {
    "city": "BASTIA",
    "departement": NaN,
    "detailLink": "FicheTournoi.aspx?Ref=52325",
    "endDate": 1604750400000,
    "name": "Tournoi fermes du Corsica Chess Club 2020 Groupe A",
    "region": "Corse",
    "startDate": 1604404800000,
  },
  Object {
    "city": "BASTIA",
    "departement": NaN,
    "detailLink": "FicheTournoi.aspx?Ref=52325",
    "endDate": 1604750400000,
    "name": "Tournoi fermes du Corsica Chess Club 2020 Groupe A",
    "region": "Corse",
    "startDate": 1604404800000,
  },
  Object {
    "city": "BASTIA",
    "departement": NaN,
    "detailLink": "FicheTournoi.aspx?Ref=52326",
    "endDate": 1604750400000,
    "name": "Tournoi fermes du Corsica Chess Club 2020 Groupe B",
    "region": "Corse",
    "startDate": 1604404800000,
  },
  Object {
    "city": "BASTIA",
    "departement": NaN,
    "detailLink": "FicheTournoi.aspx?Ref=52326",
    "endDate": 1604750400000,
    "name": "Tournoi fermes du Corsica Chess Club 2020 Groupe B",
    "region": "Corse",
    "startDate": 1604404800000,
  },
  Object {
    "city": "BASTIA",
    "departement": NaN,
    "detailLink": "FicheTournoi.aspx?Ref=52326",
    "endDate": 1604750400000,
    "name": "Tournoi fermes du Corsica Chess Club 2020 Groupe B",
    "region": "Corse",
    "startDate": 1604404800000,
  },
  Object {
    "city": "BASTIA",
    "departement": NaN,
    "detailLink": "FicheTournoi.aspx?Ref=52326",
    "endDate": 1604750400000,
    "name": "Tournoi fermes du Corsica Chess Club 2020 Groupe B",
    "region": "Corse",
    "startDate": 1604404800000,
  },
  Object {
    "city": "BASTIA",
    "departement": NaN,
    "detailLink": "FicheTournoi.aspx?Ref=52326",
    "endDate": 1604750400000,
    "name": "Tournoi fermes du Corsica Chess Club 2020 Groupe B",
    "region": "Corse",
    "startDate": 1604404800000,
  },
  Object {
    "city": "BASTIA",
    "departement": NaN,
    "detailLink": "FicheTournoi.aspx?Ref=52327",
    "endDate": 1604750400000,
    "name": "Tournoi fermes du Corsica Chess Club 2020 Groupe C",
    "region": "Corse",
    "startDate": 1604404800000,
  },
  Object {
    "city": "BASTIA",
    "departement": NaN,
    "detailLink": "FicheTournoi.aspx?Ref=52327",
    "endDate": 1604750400000,
    "name": "Tournoi fermes du Corsica Chess Club 2020 Groupe C",
    "region": "Corse",
    "startDate": 1604404800000,
  },
  Object {
    "city": "BASTIA",
    "departement": NaN,
    "detailLink": "FicheTournoi.aspx?Ref=52327",
    "endDate": 1604750400000,
    "name": "Tournoi fermes du Corsica Chess Club 2020 Groupe C",
    "region": "Corse",
    "startDate": 1604404800000,
  },
  Object {
    "city": "BASTIA",
    "departement": NaN,
    "detailLink": "FicheTournoi.aspx?Ref=52327",
    "endDate": 1604750400000,
    "name": "Tournoi fermes du Corsica Chess Club 2020 Groupe C",
    "region": "Corse",
    "startDate": 1604404800000,
  },
  Object {
    "city": "BASTIA",
    "departement": NaN,
    "detailLink": "FicheTournoi.aspx?Ref=52327",
    "endDate": 1604750400000,
    "name": "Tournoi fermes du Corsica Chess Club 2020 Groupe C",
    "region": "Corse",
    "startDate": 1604404800000,
  },
  Object {
    "city": "AUBAGNE",
    "departement": 13,
    "detailLink": "FicheTournoi.aspx?Ref=52334",
    "endDate": 1604404800000,
    "name": "Open d'Aubagne 2020-2021 (-2200) r1",
    "region": "Provence-Alpes-Côte d'Azur",
    "startDate": 1604404800000,
  },
  Object {
    "city": "RENNES",
    "departement": 35,
    "detailLink": "FicheTournoi.aspx?Ref=52344",
    "endDate": 1605614400000,
    "name": "CPB - Petits Bolides Blitzeurs 2020 - Tournoi 1b",
    "region": "Bretagne",
    "startDate": 1605614400000,
  },
  Object {
    "city": "HYERES",
    "departement": 83,
    "detailLink": "FicheTournoi.aspx?Ref=52348",
    "endDate": 1604491200000,
    "name": "6ème Tournoi Rapide de Hyères",
    "region": "Provence-Alpes-Côte d'Azur",
    "startDate": 1604491200000,
  },
  Object {
    "city": "LA COURONNE",
    "departement": 16,
    "detailLink": "FicheTournoi.aspx?Ref=52349",
    "endDate": 1605700800000,
    "name": "1er Trophée Armand Mazza",
    "region": "Nouvelle Aquitaine",
    "startDate": 1605700800000,
  },
  Object {
    "city": "MASSEUBE",
    "departement": 32,
    "detailLink": "FicheTournoi.aspx?Ref=52350",
    "endDate": 1606564800000,
    "name": "1er Open FIDE de Masseube (-1700)",
    "region": "Tournois Nationaux",
    "startDate": 1606219200000,
  },
  Object {
    "city": "MASSEUBE",
    "departement": 32,
    "detailLink": "FicheTournoi.aspx?Ref=52350",
    "endDate": 1606564800000,
    "name": "1er Open FIDE de Masseube (-1700)",
    "region": "Tournois Nationaux",
    "startDate": 1606219200000,
  },
  Object {
    "city": "MASSEUBE",
    "departement": 32,
    "detailLink": "FicheTournoi.aspx?Ref=52350",
    "endDate": 1606564800000,
    "name": "1er Open FIDE de Masseube (-1700)",
    "region": "Tournois Nationaux",
    "startDate": 1606219200000,
  },
  Object {
    "city": "MASSEUBE",
    "departement": 32,
    "detailLink": "FicheTournoi.aspx?Ref=52350",
    "endDate": 1606564800000,
    "name": "1er Open FIDE de Masseube (-1700)",
    "region": "Tournois Nationaux",
    "startDate": 1606219200000,
  },
  Object {
    "city": "MASSEUBE",
    "departement": 32,
    "detailLink": "FicheTournoi.aspx?Ref=52350",
    "endDate": 1606564800000,
    "name": "1er Open FIDE de Masseube (-1700)",
    "region": "Tournois Nationaux",
    "startDate": 1606219200000,
  },
  Object {
    "city": "MASSEUBE",
    "departement": 32,
    "detailLink": "FicheTournoi.aspx?Ref=52351",
    "endDate": 1606564800000,
    "name": "1er Open FIDE de Masseube (plus de 1500)",
    "region": "Tournois Nationaux",
    "startDate": 1606219200000,
  },
  Object {
    "city": "MASSEUBE",
    "departement": 32,
    "detailLink": "FicheTournoi.aspx?Ref=52351",
    "endDate": 1606564800000,
    "name": "1er Open FIDE de Masseube (plus de 1500)",
    "region": "Tournois Nationaux",
    "startDate": 1606219200000,
  },
  Object {
    "city": "MASSEUBE",
    "departement": 32,
    "detailLink": "FicheTournoi.aspx?Ref=52351",
    "endDate": 1606564800000,
    "name": "1er Open FIDE de Masseube (plus de 1500)",
    "region": "Tournois Nationaux",
    "startDate": 1606219200000,
  },
  Object {
    "city": "MASSEUBE",
    "departement": 32,
    "detailLink": "FicheTournoi.aspx?Ref=52351",
    "endDate": 1606564800000,
    "name": "1er Open FIDE de Masseube (plus de 1500)",
    "region": "Tournois Nationaux",
    "startDate": 1606219200000,
  },
  Object {
    "city": "MASSEUBE",
    "departement": 32,
    "detailLink": "FicheTournoi.aspx?Ref=52351",
    "endDate": 1606564800000,
    "name": "1er Open FIDE de Masseube (plus de 1500)",
    "region": "Tournois Nationaux",
    "startDate": 1606219200000,
  },
  Object {
    "city": "SEICHAMPS",
    "departement": 54,
    "detailLink": "FicheTournoi.aspx?Ref=52354",
    "endDate": 1604404800000,
    "name": "Circuit 54 2020-21 - Etape 1- 03 Octobre Seichamps",
    "region": "Grand Est",
    "startDate": 1604404800000,
  },
  Object {
    "city": "MAZAMET",
    "departement": 81,
    "detailLink": "FicheTournoi.aspx?Ref=52355",
    "endDate": 1605614400000,
    "name": "Tournoi rapide de Mazamet 2020",
    "region": "Occitanie",
    "startDate": 1605614400000,
  },
  Object {
    "city": "AUBAGNE",
    "departement": 13,
    "detailLink": "FicheTournoi.aspx?Ref=52357",
    "endDate": 1604404800000,
    "name": "Open d'Aubagne 2020-2021 B (-2200) r1",
    "region": "Provence-Alpes-Côte d'Azur",
    "startDate": 1604404800000,
  },
  Object {
    "city": "SEICHAMPS",
    "departement": 54,
    "detailLink": "FicheTournoi.aspx?Ref=52365",
    "endDate": 1605441600000,
    "name": "Tournoi interne de Seichamps Echecs 2020-2021 (-2200) r1",
    "region": "Grand Est",
    "startDate": 1605441600000,
  },
  Object {
    "city": "MONTIGNY LE BRETONNEUX",
    "departement": 78,
    "detailLink": "FicheTournoi.aspx?Ref=52369",
    "endDate": 1605528000000,
    "name": "1hKO interne La Dame Noire 2021 r1-2",
    "region": "Ile-de-France",
    "startDate": 1604923200000,
  },
  Object {
    "city": "MONTIGNY LE BRETONNEUX",
    "departement": 78,
    "detailLink": "FicheTournoi.aspx?Ref=52369",
    "endDate": 1605528000000,
    "name": "1hKO interne La Dame Noire 2021 r1-2",
    "region": "Ile-de-France",
    "startDate": 1604923200000,
  },
  Object {
    "city": "MONTIGNY LE BRETONNEUX",
    "departement": 78,
    "detailLink": "FicheTournoi.aspx?Ref=52369",
    "endDate": 1605528000000,
    "name": "1hKO interne La Dame Noire 2021 r1-2",
    "region": "Ile-de-France",
    "startDate": 1604923200000,
  },
  Object {
    "city": "MONTIGNY LE BRETONNEUX",
    "departement": 78,
    "detailLink": "FicheTournoi.aspx?Ref=52369",
    "endDate": 1605528000000,
    "name": "1hKO interne La Dame Noire 2021 r1-2",
    "region": "Ile-de-France",
    "startDate": 1604923200000,
  },
  Object {
    "city": "MONTIGNY LE BRETONNEUX",
    "departement": 78,
    "detailLink": "FicheTournoi.aspx?Ref=52369",
    "endDate": 1605528000000,
    "name": "1hKO interne La Dame Noire 2021 r1-2",
    "region": "Ile-de-France",
    "startDate": 1604923200000,
  },
  Object {
    "city": "MONTIGNY LE BRETONNEUX",
    "departement": 78,
    "detailLink": "FicheTournoi.aspx?Ref=52369",
    "endDate": 1605528000000,
    "name": "1hKO interne La Dame Noire 2021 r1-2",
    "region": "Ile-de-France",
    "startDate": 1604923200000,
  },
  Object {
    "city": "MONTIGNY LE BRETONNEUX",
    "departement": 78,
    "detailLink": "FicheTournoi.aspx?Ref=52369",
    "endDate": 1605528000000,
    "name": "1hKO interne La Dame Noire 2021 r1-2",
    "region": "Ile-de-France",
    "startDate": 1604923200000,
  },
  Object {
    "city": "MONTIGNY LE BRETONNEUX",
    "departement": 78,
    "detailLink": "FicheTournoi.aspx?Ref=52369",
    "endDate": 1605528000000,
    "name": "1hKO interne La Dame Noire 2021 r1-2",
    "region": "Ile-de-France",
    "startDate": 1604923200000,
  },
  Object {
    "city": "BLAGNAC",
    "departement": 31,
    "detailLink": "FicheTournoi.aspx?Ref=52381",
    "endDate": 1605614400000,
    "name": "Tournoi Interne Rapide Jeunes Blagnac 17 octobre 2020",
    "region": "Occitanie",
    "startDate": 1605614400000,
  },
  Object {
    "city": "BOULOGNE SUR MER",
    "departement": 62,
    "detailLink": "FicheTournoi.aspx?Ref=52382",
    "endDate": 1604491200000,
    "name": "Trophée Roza Lallemand 2021 Phase ZID HdF Nord",
    "region": "Hauts-de-France",
    "startDate": 1604491200000,
  },
  Object {
    "city": "HYERES",
    "departement": 83,
    "detailLink": "FicheTournoi.aspx?Ref=52383",
    "endDate": 1605700800000,
    "name": "1er Tournoi Open de Toussaint 2020 de Hyeres (-2200)",
    "region": "Tournois Nationaux",
    "startDate": 1605614400000,
  },
  Object {
    "city": "HYERES",
    "departement": 83,
    "detailLink": "FicheTournoi.aspx?Ref=52383",
    "endDate": 1605700800000,
    "name": "1er Tournoi Open de Toussaint 2020 de Hyeres (-2200)",
    "region": "Tournois Nationaux",
    "startDate": 1605614400000,
  },
  Object {
    "city": "HYERES",
    "departement": 83,
    "detailLink": "FicheTournoi.aspx?Ref=52384",
    "endDate": 1606305600000,
    "name": "2eme Tournoi Open de Toussaint 2020 de Hyeres (-2200)",
    "region": "Tournois Nationaux",
    "startDate": 1606219200000,
  },
  Object {
    "city": "HYERES",
    "departement": 83,
    "detailLink": "FicheTournoi.aspx?Ref=52384",
    "endDate": 1606305600000,
    "name": "2eme Tournoi Open de Toussaint 2020 de Hyeres (-2200)",
    "region": "Tournois Nationaux",
    "startDate": 1606219200000,
  },
  Object {
    "city": "HYERES",
    "departement": 83,
    "detailLink": "FicheTournoi.aspx?Ref=52385",
    "endDate": 1606046400000,
    "name": "1er Tournoi Fermé de Toussaint 2020 de Hyères (-1600) - Groupe A",
    "region": "Provence-Alpes-Côte d'Azur",
    "startDate": 1605787200000,
  },
  Object {
    "city": "HYERES",
    "departement": 83,
    "detailLink": "FicheTournoi.aspx?Ref=52385",
    "endDate": 1606046400000,
    "name": "1er Tournoi Fermé de Toussaint 2020 de Hyères (-1600) - Groupe A",
    "region": "Provence-Alpes-Côte d'Azur",
    "startDate": 1605787200000,
  },
  Object {
    "city": "HYERES",
    "departement": 83,
    "detailLink": "FicheTournoi.aspx?Ref=52385",
    "endDate": 1606046400000,
    "name": "1er Tournoi Fermé de Toussaint 2020 de Hyères (-1600) - Groupe A",
    "region": "Provence-Alpes-Côte d'Azur",
    "startDate": 1605787200000,
  },
  Object {
    "city": "HYERES",
    "departement": 83,
    "detailLink": "FicheTournoi.aspx?Ref=52385",
    "endDate": 1606046400000,
    "name": "1er Tournoi Fermé de Toussaint 2020 de Hyères (-1600) - Groupe A",
    "region": "Provence-Alpes-Côte d'Azur",
    "startDate": 1605787200000,
  },
  Object {
    "city": "HYERES",
    "departement": 83,
    "detailLink": "FicheTournoi.aspx?Ref=52386",
    "endDate": 1606046400000,
    "name": "1er Tournoi Fermé de Toussaint 2020 de Hyères (-1600) - Groupe B",
    "region": "Provence-Alpes-Côte d'Azur",
    "startDate": 1605787200000,
  },
  Object {
    "city": "HYERES",
    "departement": 83,
    "detailLink": "FicheTournoi.aspx?Ref=52386",
    "endDate": 1606046400000,
    "name": "1er Tournoi Fermé de Toussaint 2020 de Hyères (-1600) - Groupe B",
    "region": "Provence-Alpes-Côte d'Azur",
    "startDate": 1605787200000,
  },
  Object {
    "city": "HYERES",
    "departement": 83,
    "detailLink": "FicheTournoi.aspx?Ref=52386",
    "endDate": 1606046400000,
    "name": "1er Tournoi Fermé de Toussaint 2020 de Hyères (-1600) - Groupe B",
    "region": "Provence-Alpes-Côte d'Azur",
    "startDate": 1605787200000,
  },
  Object {
    "city": "HYERES",
    "departement": 83,
    "detailLink": "FicheTournoi.aspx?Ref=52386",
    "endDate": 1606046400000,
    "name": "1er Tournoi Fermé de Toussaint 2020 de Hyères (-1600) - Groupe B",
    "region": "Provence-Alpes-Côte d'Azur",
    "startDate": 1605787200000,
  },
  Object {
    "city": "HYERES",
    "departement": 83,
    "detailLink": "FicheTournoi.aspx?Ref=52387",
    "endDate": 1606651200000,
    "name": "2ème Tournoi Fermé de Toussaint 2020 de Hyères (-1600) - Groupe A",
    "region": "Tournois Nationaux",
    "startDate": 1606392000000,
  },
  Object {
    "city": "HYERES",
    "departement": 83,
    "detailLink": "FicheTournoi.aspx?Ref=52387",
    "endDate": 1606651200000,
    "name": "2ème Tournoi Fermé de Toussaint 2020 de Hyères (-1600) - Groupe A",
    "region": "Tournois Nationaux",
    "startDate": 1606392000000,
  },
  Object {
    "city": "HYERES",
    "departement": 83,
    "detailLink": "FicheTournoi.aspx?Ref=52387",
    "endDate": 1606651200000,
    "name": "2ème Tournoi Fermé de Toussaint 2020 de Hyères (-1600) - Groupe A",
    "region": "Tournois Nationaux",
    "startDate": 1606392000000,
  },
  Object {
    "city": "HYERES",
    "departement": 83,
    "detailLink": "FicheTournoi.aspx?Ref=52387",
    "endDate": 1606651200000,
    "name": "2ème Tournoi Fermé de Toussaint 2020 de Hyères (-1600) - Groupe A",
    "region": "Tournois Nationaux",
    "startDate": 1606392000000,
  },
  Object {
    "city": "MULHOUSE",
    "departement": 68,
    "detailLink": "FicheTournoi.aspx?Ref=52389",
    "endDate": 1606737600000,
    "name": "Tournoi FIDE de la Toussaint 2021 de Mulhouse (-1600)",
    "region": "Tournois Nationaux",
    "startDate": 1606651200000,
  },
  Object {
    "city": "MULHOUSE",
    "departement": 68,
    "detailLink": "FicheTournoi.aspx?Ref=52389",
    "endDate": 1606737600000,
    "name": "Tournoi FIDE de la Toussaint 2021 de Mulhouse (-1600)",
    "region": "Tournois Nationaux",
    "startDate": 1606651200000,
  },
  Object {
    "city": "CHAUNY",
    "departement": 2,
    "detailLink": "FicheTournoi.aspx?Ref=52391",
    "endDate": 1605700800000,
    "name": "Championnat Aisne 2020-2021 U8",
    "region": "Hauts-de-France",
    "startDate": 1605614400000,
  },
  Object {
    "city": "CHAUNY",
    "departement": 2,
    "detailLink": "FicheTournoi.aspx?Ref=52391",
    "endDate": 1605700800000,
    "name": "Championnat Aisne 2020-2021 U8",
    "region": "Hauts-de-France",
    "startDate": 1605614400000,
  },
  Object {
    "city": "CHAUNY",
    "departement": 2,
    "detailLink": "FicheTournoi.aspx?Ref=52392",
    "endDate": 1605700800000,
    "name": "Championnat Aisne 2020-2021 U10",
    "region": "Hauts-de-France",
    "startDate": 1605614400000,
  },
  Object {
    "city": "CHAUNY",
    "departement": 2,
    "detailLink": "FicheTournoi.aspx?Ref=52392",
    "endDate": 1605700800000,
    "name": "Championnat Aisne 2020-2021 U10",
    "region": "Hauts-de-France",
    "startDate": 1605614400000,
  },
  Object {
    "city": "CHAUNY",
    "departement": 2,
    "detailLink": "FicheTournoi.aspx?Ref=52393",
    "endDate": 1605700800000,
    "name": "Championnat Aisne 2020-2021 U12",
    "region": "Hauts-de-France",
    "startDate": 1605614400000,
  },
  Object {
    "city": "CHAUNY",
    "departement": 2,
    "detailLink": "FicheTournoi.aspx?Ref=52393",
    "endDate": 1605700800000,
    "name": "Championnat Aisne 2020-2021 U12",
    "region": "Hauts-de-France",
    "startDate": 1605614400000,
  },
  Object {
    "city": "CHAUNY",
    "departement": 2,
    "detailLink": "FicheTournoi.aspx?Ref=52394",
    "endDate": 1605700800000,
    "name": "Championnat Aisne 2020-2021 U14",
    "region": "Hauts-de-France",
    "startDate": 1605614400000,
  },
  Object {
    "city": "CHAUNY",
    "departement": 2,
    "detailLink": "FicheTournoi.aspx?Ref=52394",
    "endDate": 1605700800000,
    "name": "Championnat Aisne 2020-2021 U14",
    "region": "Hauts-de-France",
    "startDate": 1605614400000,
  },
  Object {
    "city": "CHAUNY",
    "departement": 2,
    "detailLink": "FicheTournoi.aspx?Ref=52395",
    "endDate": 1605700800000,
    "name": "Championnat Aisne 2020-2021 U16",
    "region": "Hauts-de-France",
    "startDate": 1605614400000,
  },
  Object {
    "city": "CHAUNY",
    "departement": 2,
    "detailLink": "FicheTournoi.aspx?Ref=52395",
    "endDate": 1605700800000,
    "name": "Championnat Aisne 2020-2021 U16",
    "region": "Hauts-de-France",
    "startDate": 1605614400000,
  },
  Object {
    "city": "CHAUNY",
    "departement": 2,
    "detailLink": "FicheTournoi.aspx?Ref=52396",
    "endDate": 1605700800000,
    "name": "Championnat Aisne 2020-2021 U18-U20",
    "region": "Hauts-de-France",
    "startDate": 1605614400000,
  },
  Object {
    "city": "CHAUNY",
    "departement": 2,
    "detailLink": "FicheTournoi.aspx?Ref=52396",
    "endDate": 1605700800000,
    "name": "Championnat Aisne 2020-2021 U18-U20",
    "region": "Hauts-de-France",
    "startDate": 1605614400000,
  },
  Object {
    "city": "CHATEAU THIERRY",
    "departement": 2,
    "detailLink": "FicheTournoi.aspx?Ref=52399",
    "endDate": 1605009600000,
    "name": "Blitz Château-Thierry 10-10-2020",
    "region": "Hauts-de-France",
    "startDate": 1605009600000,
  },
  Object {
    "city": "CAPPELLE LA GRANDE",
    "departement": 59,
    "detailLink": "FicheTournoi.aspx?Ref=52400",
    "endDate": 1605873600000,
    "name": "Championnat du Nord des Jeunes 2020 - U20 et U18 (Cadets-Juniors)",
    "region": "Hauts-de-France",
    "startDate": 1605700800000,
  },
  Object {
    "city": "CAPPELLE LA GRANDE",
    "departement": 59,
    "detailLink": "FicheTournoi.aspx?Ref=52400",
    "endDate": 1605873600000,
    "name": "Championnat du Nord des Jeunes 2020 - U20 et U18 (Cadets-Juniors)",
    "region": "Hauts-de-France",
    "startDate": 1605700800000,
  },
  Object {
    "city": "CAPPELLE LA GRANDE",
    "departement": 59,
    "detailLink": "FicheTournoi.aspx?Ref=52400",
    "endDate": 1605873600000,
    "name": "Championnat du Nord des Jeunes 2020 - U20 et U18 (Cadets-Juniors)",
    "region": "Hauts-de-France",
    "startDate": 1605700800000,
  },
  Object {
    "city": "CAPPELLE LA GRANDE",
    "departement": 59,
    "detailLink": "FicheTournoi.aspx?Ref=52401",
    "endDate": 1605873600000,
    "name": "Championnat du Nord des Jeunes 2020 - U16 (Minimes)",
    "region": "Hauts-de-France",
    "startDate": 1605700800000,
  },
  Object {
    "city": "CAPPELLE LA GRANDE",
    "departement": 59,
    "detailLink": "FicheTournoi.aspx?Ref=52401",
    "endDate": 1605873600000,
    "name": "Championnat du Nord des Jeunes 2020 - U16 (Minimes)",
    "region": "Hauts-de-France",
    "startDate": 1605700800000,
  },
  Object {
    "city": "CAPPELLE LA GRANDE",
    "departement": 59,
    "detailLink": "FicheTournoi.aspx?Ref=52401",
    "endDate": 1605873600000,
    "name": "Championnat du Nord des Jeunes 2020 - U16 (Minimes)",
    "region": "Hauts-de-France",
    "startDate": 1605700800000,
  },
  Object {
    "city": "CAPPELLE LA GRANDE",
    "departement": 59,
    "detailLink": "FicheTournoi.aspx?Ref=52402",
    "endDate": 1605873600000,
    "name": "Championnat du Nord des Jeunes 2020 - U14 (Benjamins)",
    "region": "Hauts-de-France",
    "startDate": 1605700800000,
  },
  Object {
    "city": "CAPPELLE LA GRANDE",
    "departement": 59,
    "detailLink": "FicheTournoi.aspx?Ref=52402",
    "endDate": 1605873600000,
    "name": "Championnat du Nord des Jeunes 2020 - U14 (Benjamins)",
    "region": "Hauts-de-France",
    "startDate": 1605700800000,
  },
  Object {
    "city": "CAPPELLE LA GRANDE",
    "departement": 59,
    "detailLink": "FicheTournoi.aspx?Ref=52402",
    "endDate": 1605873600000,
    "name": "Championnat du Nord des Jeunes 2020 - U14 (Benjamins)",
    "region": "Hauts-de-France",
    "startDate": 1605700800000,
  },
  Object {
    "city": "CAPPELLE LA GRANDE",
    "departement": 59,
    "detailLink": "FicheTournoi.aspx?Ref=52403",
    "endDate": 1605873600000,
    "name": "Championnat du Nord des Jeunes 2020 - U12 (Pupilles)",
    "region": "Hauts-de-France",
    "startDate": 1605700800000,
  },
  Object {
    "city": "CAPPELLE LA GRANDE",
    "departement": 59,
    "detailLink": "FicheTournoi.aspx?Ref=52403",
    "endDate": 1605873600000,
    "name": "Championnat du Nord des Jeunes 2020 - U12 (Pupilles)",
    "region": "Hauts-de-France",
    "startDate": 1605700800000,
  },
  Object {
    "city": "CAPPELLE LA GRANDE",
    "departement": 59,
    "detailLink": "FicheTournoi.aspx?Ref=52403",
    "endDate": 1605873600000,
    "name": "Championnat du Nord des Jeunes 2020 - U12 (Pupilles)",
    "region": "Hauts-de-France",
    "startDate": 1605700800000,
  },
  Object {
    "city": "CAPPELLE LA GRANDE",
    "departement": 59,
    "detailLink": "FicheTournoi.aspx?Ref=52404",
    "endDate": 1605873600000,
    "name": "Championnat du Nord des Jeunes 2020 - U10 (Poussins)",
    "region": "Hauts-de-France",
    "startDate": 1605787200000,
  },
  Object {
    "city": "CAPPELLE LA GRANDE",
    "departement": 59,
    "detailLink": "FicheTournoi.aspx?Ref=52404",
    "endDate": 1605873600000,
    "name": "Championnat du Nord des Jeunes 2020 - U10 (Poussins)",
    "region": "Hauts-de-France",
    "startDate": 1605787200000,
  },
  Object {
    "city": "CAPPELLE LA GRANDE",
    "departement": 59,
    "detailLink": "FicheTournoi.aspx?Ref=52405",
    "endDate": 1605873600000,
    "name": "Championnat du Nord des Jeunes 2020 - U8 (Petits Poussins)",
    "region": "Hauts-de-France",
    "startDate": 1605787200000,
  },
  Object {
    "city": "CAPPELLE LA GRANDE",
    "departement": 59,
    "detailLink": "FicheTournoi.aspx?Ref=52405",
    "endDate": 1605873600000,
    "name": "Championnat du Nord des Jeunes 2020 - U8 (Petits Poussins)",
    "region": "Hauts-de-France",
    "startDate": 1605787200000,
  },
  Object {
    "city": "PRECY SUR OISE",
    "departement": 60,
    "detailLink": "FicheTournoi.aspx?Ref=52406",
    "endDate": 1605096000000,
    "name": "Oise 1599 Saison 2020-2021 Journée 1",
    "region": "Hauts-de-France",
    "startDate": 1605096000000,
  },
  Object {
    "city": "QUIMPER",
    "departement": 29,
    "detailLink": "FicheTournoi.aspx?Ref=52414",
    "endDate": 1605614400000,
    "name": "Championnat du Finistère TC 2021 - r1",
    "region": "Bretagne",
    "startDate": 1605614400000,
  },
  Object {
    "city": "MONTREUIL",
    "departement": 93,
    "detailLink": "FicheTournoi.aspx?Ref=52415",
    "endDate": 1605528000000,
    "name": "97ème Open Rapide de Montreuil",
    "region": "Ile-de-France",
    "startDate": 1605528000000,
  },
  Object {
    "city": "JUILLAN",
    "departement": 65,
    "detailLink": "FicheTournoi.aspx?Ref=52416",
    "endDate": 1605700800000,
    "name": "Tournois Fermés de Juillan 2020 - Groupe A",
    "region": "Nouvelle Aquitaine",
    "startDate": 1605614400000,
  },
  Object {
    "city": "JUILLAN",
    "departement": 65,
    "detailLink": "FicheTournoi.aspx?Ref=52416",
    "endDate": 1605700800000,
    "name": "Tournois Fermés de Juillan 2020 - Groupe A",
    "region": "Nouvelle Aquitaine",
    "startDate": 1605614400000,
  },
  Object {
    "city": "GONFREVILLE L'ORCHER",
    "departement": 76,
    "detailLink": "FicheTournoi.aspx?Ref=52419",
    "endDate": 1606219200000,
    "name": "Championnat de Seine Maritime Jeunes 2020 - U08M",
    "region": "Normandie",
    "startDate": 1606132800000,
  },
  Object {
    "city": "GONFREVILLE L'ORCHER",
    "departement": 76,
    "detailLink": "FicheTournoi.aspx?Ref=52419",
    "endDate": 1606219200000,
    "name": "Championnat de Seine Maritime Jeunes 2020 - U08M",
    "region": "Normandie",
    "startDate": 1606132800000,
  },
  Object {
    "city": "GONFREVILLE L'ORCHER",
    "departement": 76,
    "detailLink": "FicheTournoi.aspx?Ref=52420",
    "endDate": 1606219200000,
    "name": "Championnat de Seine Maritime Jeunes 2020 - U10F",
    "region": "Normandie",
    "startDate": 1606132800000,
  },
  Object {
    "city": "GONFREVILLE L'ORCHER",
    "departement": 76,
    "detailLink": "FicheTournoi.aspx?Ref=52420",
    "endDate": 1606219200000,
    "name": "Championnat de Seine Maritime Jeunes 2020 - U10F",
    "region": "Normandie",
    "startDate": 1606132800000,
  },
  Object {
    "city": "GONFREVILLE L'ORCHER",
    "departement": 76,
    "detailLink": "FicheTournoi.aspx?Ref=52421",
    "endDate": 1606219200000,
    "name": "Championnat de Seine Maritime Jeunes 2020 - U10M",
    "region": "Normandie",
    "startDate": 1606132800000,
  },
  Object {
    "city": "GONFREVILLE L'ORCHER",
    "departement": 76,
    "detailLink": "FicheTournoi.aspx?Ref=52421",
    "endDate": 1606219200000,
    "name": "Championnat de Seine Maritime Jeunes 2020 - U10M",
    "region": "Normandie",
    "startDate": 1606132800000,
  },
  Object {
    "city": "GONFREVILLE L'ORCHER",
    "departement": 76,
    "detailLink": "FicheTournoi.aspx?Ref=52422",
    "endDate": 1606219200000,
    "name": "Championnat de Seine Maritime Jeunes 2020 - U12F",
    "region": "Normandie",
    "startDate": 1606046400000,
  },
  Object {
    "city": "GONFREVILLE L'ORCHER",
    "departement": 76,
    "detailLink": "FicheTournoi.aspx?Ref=52422",
    "endDate": 1606219200000,
    "name": "Championnat de Seine Maritime Jeunes 2020 - U12F",
    "region": "Normandie",
    "startDate": 1606046400000,
  },
  Object {
    "city": "GONFREVILLE L'ORCHER",
    "departement": 76,
    "detailLink": "FicheTournoi.aspx?Ref=52422",
    "endDate": 1606219200000,
    "name": "Championnat de Seine Maritime Jeunes 2020 - U12F",
    "region": "Normandie",
    "startDate": 1606046400000,
  },
  Object {
    "city": "GONFREVILLE L'ORCHER",
    "departement": 76,
    "detailLink": "FicheTournoi.aspx?Ref=52423",
    "endDate": 1606219200000,
    "name": "Championnat de Seine Maritime Jeunes 2020 - U12M",
    "region": "Normandie",
    "startDate": 1606046400000,
  },
  Object {
    "city": "GONFREVILLE L'ORCHER",
    "departement": 76,
    "detailLink": "FicheTournoi.aspx?Ref=52423",
    "endDate": 1606219200000,
    "name": "Championnat de Seine Maritime Jeunes 2020 - U12M",
    "region": "Normandie",
    "startDate": 1606046400000,
  },
  Object {
    "city": "GONFREVILLE L'ORCHER",
    "departement": 76,
    "detailLink": "FicheTournoi.aspx?Ref=52423",
    "endDate": 1606219200000,
    "name": "Championnat de Seine Maritime Jeunes 2020 - U12M",
    "region": "Normandie",
    "startDate": 1606046400000,
  },
  Object {
    "city": "GONFREVILLE L'ORCHER",
    "departement": 76,
    "detailLink": "FicheTournoi.aspx?Ref=52424",
    "endDate": 1606219200000,
    "name": "Championnat de Seine Maritime Jeunes 2020 - U14F",
    "region": "Normandie",
    "startDate": 1606046400000,
  },
  Object {
    "city": "GONFREVILLE L'ORCHER",
    "departement": 76,
    "detailLink": "FicheTournoi.aspx?Ref=52424",
    "endDate": 1606219200000,
    "name": "Championnat de Seine Maritime Jeunes 2020 - U14F",
    "region": "Normandie",
    "startDate": 1606046400000,
  },
  Object {
    "city": "GONFREVILLE L'ORCHER",
    "departement": 76,
    "detailLink": "FicheTournoi.aspx?Ref=52424",
    "endDate": 1606219200000,
    "name": "Championnat de Seine Maritime Jeunes 2020 - U14F",
    "region": "Normandie",
    "startDate": 1606046400000,
  },
  Object {
    "city": "GONFREVILLE L'ORCHER",
    "departement": 76,
    "detailLink": "FicheTournoi.aspx?Ref=52425",
    "endDate": 1606219200000,
    "name": "Championnat de Seine Maritime Jeunes 2020 - U14M",
    "region": "Normandie",
    "startDate": 1606046400000,
  },
  Object {
    "city": "GONFREVILLE L'ORCHER",
    "departement": 76,
    "detailLink": "FicheTournoi.aspx?Ref=52425",
    "endDate": 1606219200000,
    "name": "Championnat de Seine Maritime Jeunes 2020 - U14M",
    "region": "Normandie",
    "startDate": 1606046400000,
  },
  Object {
    "city": "GONFREVILLE L'ORCHER",
    "departement": 76,
    "detailLink": "FicheTournoi.aspx?Ref=52425",
    "endDate": 1606219200000,
    "name": "Championnat de Seine Maritime Jeunes 2020 - U14M",
    "region": "Normandie",
    "startDate": 1606046400000,
  },
  Object {
    "city": "GONFREVILLE L'ORCHER",
    "departement": 76,
    "detailLink": "FicheTournoi.aspx?Ref=52427",
    "endDate": 1606219200000,
    "name": "Championnat de Seine Maritime Jeunes 2020 - U16M",
    "region": "Normandie",
    "startDate": 1606046400000,
  },
  Object {
    "city": "GONFREVILLE L'ORCHER",
    "departement": 76,
    "detailLink": "FicheTournoi.aspx?Ref=52427",
    "endDate": 1606219200000,
    "name": "Championnat de Seine Maritime Jeunes 2020 - U16M",
    "region": "Normandie",
    "startDate": 1606046400000,
  },
  Object {
    "city": "GONFREVILLE L'ORCHER",
    "departement": 76,
    "detailLink": "FicheTournoi.aspx?Ref=52427",
    "endDate": 1606219200000,
    "name": "Championnat de Seine Maritime Jeunes 2020 - U16M",
    "region": "Normandie",
    "startDate": 1606046400000,
  },
  Object {
    "city": "GONFREVILLE L'ORCHER",
    "departement": 76,
    "detailLink": "FicheTournoi.aspx?Ref=52428",
    "endDate": 1606219200000,
    "name": "Championnat de Seine Maritime Jeunes 2020 - U18 U20",
    "region": "Normandie",
    "startDate": 1606046400000,
  },
  Object {
    "city": "GONFREVILLE L'ORCHER",
    "departement": 76,
    "detailLink": "FicheTournoi.aspx?Ref=52428",
    "endDate": 1606219200000,
    "name": "Championnat de Seine Maritime Jeunes 2020 - U18 U20",
    "region": "Normandie",
    "startDate": 1606046400000,
  },
  Object {
    "city": "GONFREVILLE L'ORCHER",
    "departement": 76,
    "detailLink": "FicheTournoi.aspx?Ref=52428",
    "endDate": 1606219200000,
    "name": "Championnat de Seine Maritime Jeunes 2020 - U18 U20",
    "region": "Normandie",
    "startDate": 1606046400000,
  },
  Object {
    "city": "AVALLON",
    "departement": 89,
    "detailLink": "FicheTournoi.aspx?Ref=52430",
    "endDate": 1606305600000,
    "name": "1er Rapide Jeunes d'Avallon",
    "region": "Bourgogne-Franche Comté",
    "startDate": 1606305600000,
  },
  Object {
    "city": "JUILLAN",
    "departement": 65,
    "detailLink": "FicheTournoi.aspx?Ref=52433",
    "endDate": 1605700800000,
    "name": "Tournois Fermés de Juillan 2020 - Groupe B",
    "region": "Tournois Nationaux",
    "startDate": 1605614400000,
  },
  Object {
    "city": "JUILLAN",
    "departement": 65,
    "detailLink": "FicheTournoi.aspx?Ref=52433",
    "endDate": 1605700800000,
    "name": "Tournois Fermés de Juillan 2020 - Groupe B",
    "region": "Tournois Nationaux",
    "startDate": 1605614400000,
  },
  Object {
    "city": "JUILLAN",
    "departement": 65,
    "detailLink": "FicheTournoi.aspx?Ref=52434",
    "endDate": 1605700800000,
    "name": "Tournois Fermés de Juillan 2020 - Groupe C",
    "region": "Tournois Nationaux",
    "startDate": 1605614400000,
  },
  Object {
    "city": "JUILLAN",
    "departement": 65,
    "detailLink": "FicheTournoi.aspx?Ref=52434",
    "endDate": 1605700800000,
    "name": "Tournois Fermés de Juillan 2020 - Groupe C",
    "region": "Tournois Nationaux",
    "startDate": 1605614400000,
  },
  Object {
    "city": "CORBAS",
    "departement": 69,
    "detailLink": "FicheTournoi.aspx?Ref=52441",
    "endDate": 1606651200000,
    "name": "Tournoi jeunes d'Automne 2020 de Corbas - 18 ans (-2200 Elo)",
    "region": "Tournois Nationaux",
    "startDate": 1606392000000,
  },
  Object {
    "city": "CORBAS",
    "departement": 69,
    "detailLink": "FicheTournoi.aspx?Ref=52441",
    "endDate": 1606651200000,
    "name": "Tournoi jeunes d'Automne 2020 de Corbas - 18 ans (-2200 Elo)",
    "region": "Tournois Nationaux",
    "startDate": 1606392000000,
  },
  Object {
    "city": "CORBAS",
    "departement": 69,
    "detailLink": "FicheTournoi.aspx?Ref=52441",
    "endDate": 1606651200000,
    "name": "Tournoi jeunes d'Automne 2020 de Corbas - 18 ans (-2200 Elo)",
    "region": "Tournois Nationaux",
    "startDate": 1606392000000,
  },
  Object {
    "city": "CORBAS",
    "departement": 69,
    "detailLink": "FicheTournoi.aspx?Ref=52441",
    "endDate": 1606651200000,
    "name": "Tournoi jeunes d'Automne 2020 de Corbas - 18 ans (-2200 Elo)",
    "region": "Tournois Nationaux",
    "startDate": 1606392000000,
  },
  Object {
    "city": "CORBAS",
    "departement": 69,
    "detailLink": "FicheTournoi.aspx?Ref=52442",
    "endDate": 1606651200000,
    "name": "Tournoi jeunes d'Automne 2020 de Corbas - 18 ans (-1300 Elo)",
    "region": "Tournois Nationaux",
    "startDate": 1606392000000,
  },
  Object {
    "city": "CORBAS",
    "departement": 69,
    "detailLink": "FicheTournoi.aspx?Ref=52442",
    "endDate": 1606651200000,
    "name": "Tournoi jeunes d'Automne 2020 de Corbas - 18 ans (-1300 Elo)",
    "region": "Tournois Nationaux",
    "startDate": 1606392000000,
  },
  Object {
    "city": "CORBAS",
    "departement": 69,
    "detailLink": "FicheTournoi.aspx?Ref=52442",
    "endDate": 1606651200000,
    "name": "Tournoi jeunes d'Automne 2020 de Corbas - 18 ans (-1300 Elo)",
    "region": "Tournois Nationaux",
    "startDate": 1606392000000,
  },
  Object {
    "city": "CORBAS",
    "departement": 69,
    "detailLink": "FicheTournoi.aspx?Ref=52442",
    "endDate": 1606651200000,
    "name": "Tournoi jeunes d'Automne 2020 de Corbas - 18 ans (-1300 Elo)",
    "region": "Tournois Nationaux",
    "startDate": 1606392000000,
  },
  Object {
    "city": "REIMS",
    "departement": 51,
    "detailLink": "FicheTournoi.aspx?Ref=52448",
    "endDate": 1606132800000,
    "name": "Rapide jeune de Reims octobre 2020",
    "region": "Grand Est",
    "startDate": 1606132800000,
  },
  Object {
    "city": "SAINT PIERRE",
    "departement": NaN,
    "detailLink": "FicheTournoi.aspx?Ref=52469",
    "endDate": 1606219200000,
    "name": "Tournoi interne La Tour Saint Pierroise 2020 (-2000)",
    "region": "Réunion",
    "startDate": 1605614400000,
  },
  Object {
    "city": "SAINT PIERRE",
    "departement": NaN,
    "detailLink": "FicheTournoi.aspx?Ref=52469",
    "endDate": 1606219200000,
    "name": "Tournoi interne La Tour Saint Pierroise 2020 (-2000)",
    "region": "Réunion",
    "startDate": 1605614400000,
  },
  Object {
    "city": "SAINT PIERRE",
    "departement": NaN,
    "detailLink": "FicheTournoi.aspx?Ref=52469",
    "endDate": 1606219200000,
    "name": "Tournoi interne La Tour Saint Pierroise 2020 (-2000)",
    "region": "Réunion",
    "startDate": 1605614400000,
  },
  Object {
    "city": "SAINT PIERRE",
    "departement": NaN,
    "detailLink": "FicheTournoi.aspx?Ref=52469",
    "endDate": 1606219200000,
    "name": "Tournoi interne La Tour Saint Pierroise 2020 (-2000)",
    "region": "Réunion",
    "startDate": 1605614400000,
  },
  Object {
    "city": "SAINT PIERRE",
    "departement": NaN,
    "detailLink": "FicheTournoi.aspx?Ref=52469",
    "endDate": 1606219200000,
    "name": "Tournoi interne La Tour Saint Pierroise 2020 (-2000)",
    "region": "Réunion",
    "startDate": 1605614400000,
  },
  Object {
    "city": "SAINT PIERRE",
    "departement": NaN,
    "detailLink": "FicheTournoi.aspx?Ref=52469",
    "endDate": 1606219200000,
    "name": "Tournoi interne La Tour Saint Pierroise 2020 (-2000)",
    "region": "Réunion",
    "startDate": 1605614400000,
  },
  Object {
    "city": "SAINT PIERRE",
    "departement": NaN,
    "detailLink": "FicheTournoi.aspx?Ref=52469",
    "endDate": 1606219200000,
    "name": "Tournoi interne La Tour Saint Pierroise 2020 (-2000)",
    "region": "Réunion",
    "startDate": 1605614400000,
  },
  Object {
    "city": "SAINT PIERRE",
    "departement": NaN,
    "detailLink": "FicheTournoi.aspx?Ref=52469",
    "endDate": 1606219200000,
    "name": "Tournoi interne La Tour Saint Pierroise 2020 (-2000)",
    "region": "Réunion",
    "startDate": 1605614400000,
  },
  Object {
    "city": "VANDOEUVRE LES NANCY",
    "departement": 54,
    "detailLink": "FicheTournoi.aspx?Ref=52477",
    "endDate": 1605614400000,
    "name": "Trophée-Jeunes 2020-2021 Vandoeuvre étape 1 - 17 octobre",
    "region": "Grand Est",
    "startDate": 1605614400000,
  },
  Object {
    "city": "TOULOUSE",
    "departement": 31,
    "detailLink": "FicheTournoi.aspx?Ref=52489",
    "endDate": 1606564800000,
    "name": "Tournois interne CATE 2020 (-2200) r1",
    "region": "Occitanie",
    "startDate": 1606564800000,
  },
  Object {
    "city": "LE LAMENTIN",
    "departement": NaN,
    "detailLink": "FicheTournoi.aspx?Ref=52496",
    "endDate": 1606305600000,
    "name": "9e Open Fide Rapide de la Ligue d'Echecs de Martinique",
    "region": "Martinique",
    "startDate": 1606305600000,
  },
  Object {
    "city": "NOUMEA",
    "departement": NaN,
    "detailLink": "FicheTournoi.aspx?Ref=52521",
    "endDate": 1606824000000,
    "name": "8eme Trophée de Noumea Open A",
    "region": "Nouvelle-Calédonie",
    "startDate": 1606824000000,
  },
  Object {
    "city": "NOUMEA",
    "departement": NaN,
    "detailLink": "FicheTournoi.aspx?Ref=52522",
    "endDate": 1606824000000,
    "name": "8eme Trophée de Noumea Open B",
    "region": "Nouvelle-Calédonie",
    "startDate": 1606824000000,
  },
  Object {
    "city": "NOUMEA",
    "departement": NaN,
    "detailLink": "FicheTournoi.aspx?Ref=52523",
    "endDate": 1606824000000,
    "name": "8eme Trophée de Noumea Open C",
    "region": "Nouvelle-Calédonie",
    "startDate": 1606824000000,
  },
  Object {
    "city": "BLOIS",
    "departement": 41,
    "detailLink": "FicheTournoi.aspx?Ref=52577",
    "endDate": 1606651200000,
    "name": "Rapide Interne Automne 2020 de Blois",
    "region": "Centre Val-de-Loire",
    "startDate": 1606564800000,
  },
  Object {
    "city": "BLOIS",
    "departement": 41,
    "detailLink": "FicheTournoi.aspx?Ref=52577",
    "endDate": 1606651200000,
    "name": "Rapide Interne Automne 2020 de Blois",
    "region": "Centre Val-de-Loire",
    "startDate": 1606564800000,
  },
  Object {
    "city": "STRASBOURG",
    "departement": 67,
    "detailLink": "FicheTournoi.aspx?Ref=52599",
    "endDate": 1606478400000,
    "name": "Tournoi Espoirs Jeunes 2020 du CE-Strasbourg",
    "region": "Grand Est",
    "startDate": 1606305600000,
  },
  Object {
    "city": "STRASBOURG",
    "departement": 67,
    "detailLink": "FicheTournoi.aspx?Ref=52599",
    "endDate": 1606478400000,
    "name": "Tournoi Espoirs Jeunes 2020 du CE-Strasbourg",
    "region": "Grand Est",
    "startDate": 1606305600000,
  },
  Object {
    "city": "STRASBOURG",
    "departement": 67,
    "detailLink": "FicheTournoi.aspx?Ref=52599",
    "endDate": 1606478400000,
    "name": "Tournoi Espoirs Jeunes 2020 du CE-Strasbourg",
    "region": "Grand Est",
    "startDate": 1606305600000,
  },
]
`;
